mode: set
my-asset-manager/internal/models/asset.go:20.33,22.2 1 1
my-asset-manager/internal/models/asset.go:24.35,26.2 1 1
my-asset-manager/internal/models/asset.go:28.40,29.15 1 1
my-asset-manager/internal/models/asset.go:30.78,31.20 1 1
my-asset-manager/internal/models/asset.go:33.5,33.17 1 1
my-asset-manager/internal/models/asset.go:45.55,46.16 1 1
my-asset-manager/internal/models/asset.go:46.16,48.3 1 1
my-asset-manager/internal/models/asset.go:49.2,49.8 1 1
my-asset-manager/cmd/server/main.go:19.46,36.77 15 1
my-asset-manager/cmd/server/main.go:36.77,37.19 1 0
my-asset-manager/cmd/server/main.go:38.24,39.23 1 0
my-asset-manager/cmd/server/main.go:40.26,41.23 1 0
my-asset-manager/cmd/server/main.go:42.11,43.68 1 0
my-asset-manager/cmd/server/main.go:46.2,46.10 1 1
my-asset-manager/cmd/server/main.go:49.13,50.40 1 0
my-asset-manager/cmd/server/main.go:50.40,52.3 1 0
my-asset-manager/cmd/server/main.go:54.2,59.16 3 0
my-asset-manager/cmd/server/main.go:59.16,61.3 1 0
my-asset-manager/cmd/server/main.go:63.2,67.22 4 0
my-asset-manager/cmd/server/main.go:67.22,67.45 1 0
my-asset-manager/cmd/server/main.go:69.2,70.51 2 0
my-asset-manager/internal/handlers/asset_handler.go:21.73,33.34 7 1
my-asset-manager/internal/handlers/asset_handler.go:33.34,35.3 1 1
my-asset-manager/internal/handlers/asset_handler.go:37.2,42.36 3 1
my-asset-manager/internal/handlers/asset_handler.go:42.36,44.3 1 1
my-asset-manager/internal/handlers/asset_handler.go:46.2,47.34 2 1
my-asset-manager/internal/handlers/asset_handler.go:50.76,57.21 5 1
my-asset-manager/internal/handlers/asset_handler.go:57.21,60.3 2 0
my-asset-manager/internal/handlers/asset_handler.go:61.2,61.18 1 1
my-asset-manager/internal/handlers/asset_handler.go:61.18,64.3 2 0
my-asset-manager/internal/handlers/asset_handler.go:66.2,73.4 4 1
my-asset-manager/internal/handlers/asset_handler.go:76.76,78.61 2 1
my-asset-manager/internal/handlers/asset_handler.go:78.61,81.3 2 0
my-asset-manager/internal/handlers/asset_handler.go:83.2,83.27 1 1
my-asset-manager/internal/handlers/asset_handler.go:83.27,86.3 2 0
my-asset-manager/internal/handlers/asset_handler.go:88.2,90.50 2 1
my-asset-manager/internal/handlers/asset_handler.go:90.50,91.36 1 1
my-asset-manager/internal/handlers/asset_handler.go:91.36,92.32 1 1
my-asset-manager/internal/handlers/asset_handler.go:92.32,94.5 1 0
my-asset-manager/internal/handlers/asset_handler.go:96.13,96.33 1 1
my-asset-manager/internal/handlers/asset_handler.go:96.33,98.14 1 0
my-asset-manager/internal/handlers/asset_handler.go:100.4,100.50 1 1
my-asset-manager/internal/handlers/asset_handler.go:100.50,102.5 1 0
my-asset-manager/internal/handlers/asset_handler.go:104.4,104.45 1 1
my-asset-manager/internal/handlers/asset_handler.go:106.3,106.13 1 1
my-asset-manager/internal/handlers/asset_handler.go:109.2,109.16 1 1
my-asset-manager/internal/handlers/asset_handler.go:109.16,112.3 2 0
my-asset-manager/internal/handlers/asset_handler.go:114.2,118.4 2 1
my-asset-manager/internal/handlers/asset_handler.go:121.33,122.11 1 1
my-asset-manager/internal/handlers/asset_handler.go:123.33,124.14 1 1
my-asset-manager/internal/handlers/asset_handler.go:126.2,126.14 1 0
my-asset-manager/internal/handlers/asset_handler.go:129.76,131.20 2 1
my-asset-manager/internal/handlers/asset_handler.go:131.20,134.3 2 1
my-asset-manager/internal/handlers/asset_handler.go:136.2,141.25 4 0
my-asset-manager/internal/handlers/asset_handler.go:141.25,144.3 2 0
my-asset-manager/internal/handlers/asset_handler.go:146.2,153.4 4 0
my-asset-manager/internal/handlers/asset_handler.go:156.76,165.39 3 1
my-asset-manager/internal/handlers/asset_handler.go:165.39,169.3 3 0
my-asset-manager/internal/handlers/asset_handler.go:169.8,179.3 3 1
my-asset-manager/internal/handlers/asset_handler.go:181.2,182.35 2 1
my-asset-manager/internal/handlers/asset_handler.go:185.75,187.15 2 1
my-asset-manager/internal/handlers/asset_handler.go:187.15,187.27 1 1
my-asset-manager/internal/handlers/asset_handler.go:189.2,190.16 2 1
my-asset-manager/internal/handlers/asset_handler.go:190.16,190.30 1 1
my-asset-manager/internal/handlers/asset_handler.go:191.2,191.17 1 1
my-asset-manager/internal/handlers/asset_handler.go:191.17,191.32 1 0
my-asset-manager/internal/handlers/asset_handler.go:193.2,198.21 4 1
my-asset-manager/internal/handlers/asset_handler.go:198.21,200.3 1 0
my-asset-manager/internal/handlers/asset_handler.go:201.2,201.18 1 1
my-asset-manager/internal/handlers/asset_handler.go:201.18,203.3 1 0
my-asset-manager/internal/handlers/asset_handler.go:205.2,212.16 6 1
my-asset-manager/internal/handlers/asset_handler.go:212.16,215.3 2 0
my-asset-manager/internal/handlers/asset_handler.go:217.2,230.33 4 1
my-asset-manager/internal/handlers/asset_handler.go:233.77,236.22 2 1
my-asset-manager/internal/handlers/asset_handler.go:236.22,239.3 2 0
my-asset-manager/internal/handlers/asset_handler.go:241.2,249.16 4 1
my-asset-manager/internal/handlers/asset_handler.go:249.16,252.3 2 0
my-asset-manager/internal/handlers/asset_handler.go:254.2,255.35 2 1
my-asset-manager/internal/handlers/asset_handler.go:258.76,262.66 2 1
my-asset-manager/internal/handlers/asset_handler.go:262.66,265.6 2 0
my-asset-manager/internal/handlers/asset_handler.go:268.5,272.27 3 1
my-asset-manager/internal/handlers/asset_handler.go:272.27,274.6 1 1
my-asset-manager/internal/handlers/asset_handler.go:277.5,277.53 1 1
my-asset-manager/internal/handlers/asset_handler.go:277.53,280.6 2 0
my-asset-manager/internal/handlers/asset_handler.go:283.5,285.37 3 1
my-asset-manager/internal/handlers/scan_handler.go:22.74,27.68 4 1
my-asset-manager/internal/handlers/scan_handler.go:27.68,30.3 2 0
my-asset-manager/internal/handlers/scan_handler.go:32.2,35.61 2 1
my-asset-manager/internal/handlers/scan_handler.go:35.61,38.3 2 0
my-asset-manager/internal/handlers/scan_handler.go:40.2,48.48 2 1
my-asset-manager/internal/handlers/scan_handler.go:48.48,51.3 2 0
my-asset-manager/internal/handlers/scan_handler.go:54.2,61.32 5 1
my-asset-manager/internal/handlers/scan_handler.go:65.78,70.64 4 1
my-asset-manager/internal/handlers/scan_handler.go:70.64,73.3 2 1
my-asset-manager/internal/handlers/scan_handler.go:75.2,76.32 2 0
my-asset-manager/internal/handlers/scan_handler.go:80.79,85.64 4 1
my-asset-manager/internal/handlers/scan_handler.go:85.64,88.3 2 1
my-asset-manager/internal/handlers/scan_handler.go:90.2,91.77 2 0
my-asset-manager/internal/handlers/scan_handler.go:91.77,92.32 1 0
my-asset-manager/internal/handlers/scan_handler.go:92.32,94.4 1 0
my-asset-manager/internal/handlers/scan_handler.go:94.9,96.4 1 0
my-asset-manager/internal/handlers/scan_handler.go:97.3,97.9 1 0
my-asset-manager/internal/handlers/scan_handler.go:100.2,106.61 2 0
my-asset-manager/internal/handlers/scan_handler.go:110.81,116.2 5 1
my-asset-manager/internal/handlers/scan_handler.go:119.83,129.2 5 1
my-asset-manager/internal/handlers/scan_handler.go:132.79,140.16 4 1
my-asset-manager/internal/handlers/scan_handler.go:140.16,143.3 2 1
my-asset-manager/internal/handlers/scan_handler.go:144.2,145.40 2 0
my-asset-manager/internal/handlers/scan_handler.go:150.78,161.22 5 1
my-asset-manager/internal/handlers/scan_handler.go:162.12,163.27 1 0
my-asset-manager/internal/handlers/scan_handler.go:164.14,165.29 1 1
my-asset-manager/internal/handlers/scan_handler.go:166.13,167.28 1 0
my-asset-manager/internal/handlers/scan_handler.go:168.14,169.29 1 0
my-asset-manager/internal/handlers/scan_handler.go:170.15,171.30 1 0
my-asset-manager/internal/handlers/scan_handler.go:172.13,173.28 1 0
my-asset-manager/internal/handlers/scan_handler.go:177.2,177.14 1 1
my-asset-manager/internal/handlers/scan_handler.go:177.14,181.3 3 0
my-asset-manager/internal/handlers/scan_handler.go:184.2,188.16 3 1
my-asset-manager/internal/handlers/scan_handler.go:188.16,195.3 2 0
my-asset-manager/internal/handlers/scan_handler.go:195.8,208.3 4 1
my-asset-manager/internal/handlers/scan_handler.go:211.82,220.2 3 1
my-asset-manager/internal/scanner/dns_scanner.go:10.68,21.2 3 1
my-asset-manager/internal/scanner/ip_scanner.go:11.67,14.16 2 1
my-asset-manager/internal/scanner/ip_scanner.go:14.16,16.3 1 0
my-asset-manager/internal/scanner/ip_scanner.go:17.2,35.9 4 1
my-asset-manager/internal/scanner/port_scanner.go:12.69,17.35 3 1
my-asset-manager/internal/scanner/port_scanner.go:17.35,19.6 1 1
my-asset-manager/internal/scanner/port_scanner.go:21.5,21.31 1 1
my-asset-manager/internal/scanner/port_scanner.go:21.31,23.6 1 0
my-asset-manager/internal/scanner/port_scanner.go:25.2,28.35 3 1
my-asset-manager/internal/scanner/port_scanner.go:28.35,31.17 3 1
my-asset-manager/internal/scanner/port_scanner.go:31.17,38.4 2 1
my-asset-manager/internal/scanner/port_scanner.go:41.2,45.9 1 1
my-asset-manager/internal/scanner/port_scanner.go:48.37,50.15 2 1
my-asset-manager/internal/scanner/port_scanner.go:50.15,50.31 1 0
my-asset-manager/internal/scanner/port_scanner.go:51.2,51.42 1 1
my-asset-manager/internal/scanner/ssl_scanner.go:12.68,20.16 3 1
my-asset-manager/internal/scanner/ssl_scanner.go:20.16,22.3 1 0
my-asset-manager/internal/scanner/ssl_scanner.go:23.2,26.9 3 1
my-asset-manager/internal/scanner/ssl_scanner.go:26.9,28.3 1 0
my-asset-manager/internal/scanner/ssl_scanner.go:30.2,31.38 2 1
my-asset-manager/internal/scanner/ssl_scanner.go:31.38,33.3 1 0
my-asset-manager/internal/scanner/ssl_scanner.go:35.2,52.8 2 1
my-asset-manager/internal/scanner/ssl_scanner.go:56.41,57.11 1 1
my-asset-manager/internal/scanner/ssl_scanner.go:58.24,58.41 1 0
my-asset-manager/internal/scanner/ssl_scanner.go:59.24,59.41 1 0
my-asset-manager/internal/scanner/ssl_scanner.go:60.24,60.41 1 0
my-asset-manager/internal/scanner/ssl_scanner.go:61.24,61.41 1 1
my-asset-manager/internal/scanner/ssl_scanner.go:62.10,62.27 1 0
my-asset-manager/internal/scanner/tech_scanner.go:11.69,14.16 3 1
my-asset-manager/internal/scanner/tech_scanner.go:14.16,16.3 1 0
my-asset-manager/internal/scanner/tech_scanner.go:17.2,20.32 3 1
my-asset-manager/internal/scanner/tech_scanner.go:20.32,21.17 1 1
my-asset-manager/internal/scanner/tech_scanner.go:21.17,23.4 1 1
my-asset-manager/internal/scanner/tech_scanner.go:26.2,30.8 1 1
my-asset-manager/internal/scanner/whois_scanner.go:14.70,17.16 2 1
my-asset-manager/internal/scanner/whois_scanner.go:17.16,19.3 1 0
my-asset-manager/internal/scanner/whois_scanner.go:22.2,23.16 2 1
my-asset-manager/internal/scanner/whois_scanner.go:23.16,29.3 1 1
my-asset-manager/internal/scanner/whois_scanner.go:32.2,41.8 1 0
my-asset-manager/internal/mysql/mysql.go:10.47,12.16 2 0
my-asset-manager/internal/mysql/mysql.go:12.16,14.3 1 0
my-asset-manager/internal/mysql/mysql.go:17.2,18.16 2 0
my-asset-manager/internal/mysql/mysql.go:18.16,20.3 1 0
my-asset-manager/internal/mysql/mysql.go:22.2,22.16 1 0
my-asset-manager/internal/mysql/retry.go:14.69,18.35 3 0
my-asset-manager/internal/mysql/retry.go:18.35,23.17 3 0
my-asset-manager/internal/mysql/retry.go:23.17,26.22 2 0
my-asset-manager/internal/mysql/retry.go:26.22,27.48 1 0
my-asset-manager/internal/mysql/retry.go:27.48,32.6 3 0
my-asset-manager/internal/mysql/retry.go:36.3,36.21 1 0
my-asset-manager/internal/mysql/retry.go:36.21,42.4 3 0
my-asset-manager/internal/mysql/retry.go:45.2,45.87 1 0
